// Jest Snapshot v1, https://goo.gl/fbAQLP

exports[`Header snapshot 1`] = `
<div
  className="sc-bdVaJa cQKcmZ"
>
  <div
    className="sc-htpNat emOOYB"
  >
    <div
      className="sc-bwzfXH jjwbUn"
      onClick={[Function]}
    >
      tsmdb
    </div>
    <ul
      className="sc-gZMcBi gTagNS"
    >
      <li
        className="sc-iwsKbI huFlvw"
        onClick={[Function]}
      >
        discover
      </li>
      <li
        className="sc-iwsKbI huFlvw"
        onClick={[Function]}
      >
        find
      </li>
    </ul>
    <div
      className="sc-jTzLTM koDlOu"
      onClick={[Function]}
    >
      <div
        className="sc-fjdhpX bUtqfO"
      >
        <div
          className="sc-jzJRlG dAerCH"
        >
          <svg
            viewBox="-461.4 274.9 16 16"
          >
            <path
              d="M-456.1,285.7c3.3,0,5.9-2.6,5.9-5.9c0-1.4-0.5-2.8-1.4-3.8c2.7,0.9,4.6,3.3,4.6,6.3c0,3.7-3,6.6-6.6,6.6c-2.9,0-5.4-1.9-6.3-4.6C-458.8,285.1-457.5,285.7-456.1,285.7z"
              fill="#FFD93B"
            />
            <path
              d="M-449.5,277.1c0.9,1.1,1.4,2.5,1.4,4.1c0,3.7-3,6.6-6.6,6.6c-1.5,0-3-0.5-4.1-1.4c1.2,1.5,3.1,2.5,5.2,2.5c3.7,0,6.6-3,6.6-6.6C-447,280.2-448,278.3-449.5,277.1z"
              fill="#F4C534"
            />
          </svg>
        </div>
        <div
          className="sc-VigVT dcGKWJ"
        >
          <svg
            viewBox="-461.4 274.4 16 16"
          >
            <path
              d="M-445.9,283.8l-1.6-1.4l1.6-1.5c0.1-0.1,0.1-0.1,0.1-0.2s-0.1-0.1-0.2-0.2l-2.1-0.6l0.8-2c0-0.1,0-0.2,0-0.2c-0.1-0.1-0.1-0.1-0.2-0.1l-2.2,0.3l-0.2-2.2c0-0.1-0.1-0.1-0.1-0.2c-0.1,0-0.2,0-0.2,0l-1.8,1.2l-1.1-1.9c0-0.1-0.1-0.1-0.2-0.1s-0.2,0-0.2,0.1l-1.3,2.2l-2.2-1.2c-0.1,0-0.2,0-0.2,0c-0.1,0-0.1,0.1-0.1,0.2l0,2.2l-2.2-0.2c-0.1,0-0.2,0-0.2,0.1c0,0.1-0.1,0.2,0,0.2l0.9,2l-2,0.8c-0.1,0-0.1,0.1-0.1,0.2c0,0.1,0,0.2,0.1,0.2l1.7,1.4l-1.5,1.6c-0.1,0.1-0.1,0.1-0.1,0.2c0,0.1,0.1,0.1,0.2,0.2l2.1,0.5l-0.7,2.1c0,0.1,0,0.2,0,0.2c0.1,0.1,0.1,0.1,0.2,0.1l2.1-0.4l0.3,2.2c0,0.1,0.1,0.1,0.1,0.2c0.1,0,0.2,0,0.2,0l1.7-1.3l1.2,1.8c0,0.1,0.1,0.1,0.2,0.1c0,0,0,0,0,0c0.1,0,0.2,0,0.2-0.1l1-1.9l1.8,1.2c0.1,0,0.2,0,0.2,0c0.1,0,0.1-0.1,0.1-0.2l0.1-2.2l2.2,0.3c0.1,0,0.2,0,0.2-0.1c0-0.1,0.1-0.1,0-0.2l-0.9-2l2.1-0.7c0.1,0,0.1-0.1,0.1-0.2C-445.8,283.9-445.9,283.8-445.9,283.8z"
              fill="#FFA600"
            />
            <ellipse
              cx="-453.5"
              cy="282.4"
              fill="#FFDB2D"
              rx="4.6"
              ry="4.6"
            />
            <path
              d="M-453.5,277.8c-0.1,0-0.2,0-0.3,0c2.4,0.2,4.3,2.2,4.3,4.6c0,2.4-1.9,4.4-4.3,4.6c0.1,0,0.2,0,0.3,0c2.5,0,4.6-2.1,4.6-4.6C-448.9,279.8-450.9,277.8-453.5,277.8z"
              fill="#FFCA00"
            />
          </svg>
        </div>
      </div>
      <div
        className="sc-gqjmRU gdzbDt"
      />
    </div>
  </div>
</div>
`;
