// Jest Snapshot v1, https://goo.gl/fbAQLP

exports[`MoviesList snapshot 1`] = `
<div
  className="sc-bdVaJa fnhhZk"
/>
`;
